 Erreur -> Le fichier ../../tmp/logIntrouvable.log est introuvable