/temps/SoutenancesPFE.html: 1 hits
/temps/InsaIF.ico: 1 hits
/temps/5IF1.html: 1 hits
/temps/3IF1.ics: 1 hits