/temps/3IF1.ics: 4 hits
/temps/FondInsa.jpg: 1 hits