/temps/3IF1.ics: 26 hits
/notesif/: 17 hits
/notesif: 16 hits
/temps/3IF39.html: 8 hits
/temps/FondInsa.jpg: 7 hits
/SiteWebIF/Intranet-etudiant.php: 7 hits
/temps/suivant.gif: 6 hits
/temps/style_emploi_du_temps.css: 6 hits
/temps/precedent.gif: 6 hits
/temps/choix.gif: 6 hits